Dan: 39 miles @ 47 mph
Lauren: 42 miles @ 34 mph
Kumi: 0 miles
