Dan: 1368 miles @ 47 mph
Lauren: 1176 miles @ 34 mph
Kumi: 0 miles
Annie: 364 miles @ 43 mph
Andrew: 343 miles @ 39 mph
